// Vitest Snapshot v1, https://vitest.dev/guide/snapshot.html

exports[`package main method simeple snapshot test 1`] = `
{
  "a": {
    "b": {
      "c": null,
    },
  },
}
`;
